Loading datasets...
  loaded internal: 1677 valid molecules
  loaded external: 8109 valid molecules
  loaded holdout: 1089 valid molecules
Reproducing internal scaffold split (seed=42)...
  internal train n = 1342
[1/5] Scaffold overlap...
  saved: /home/minji/bbb-combo1/viz_outputs/scaffold_overlap.png
[2/5] Tanimoto NN distributions...
  computing max-Tanimoto distributions...
  saved: /home/minji/bbb-combo1/viz_outputs/tanimoto_nn_distribution.png
[3/5] Label agreement on near-duplicate pairs...
  computing label agreement on cross-dataset NN pairs...
  saved: /home/minji/bbb-combo1/viz_outputs/label_agreement_pairs.png
[4/5] Property distributions...
  saved: /home/minji/bbb-combo1/viz_outputs/property_distributions.png
[5/5] Chemical space UMAP...
  computing UMAP on Morgan-FP...
/home/minji/anaconda3/envs/tabpfn/lib/python3.10/site-packages/umap/umap_.py:1887: UserWarning: gradient function is not yet implemented for jaccard distance metric; inverse_transform will be unavailable
  warn(
  saved: /home/minji/bbb-combo1/viz_outputs/chemspace_umap.png
  saved: /home/minji/bbb-combo1/viz_outputs/analysis_summary.json

All figures saved to /home/minji/bbb-combo1/viz_outputs
