Loading internal dataset...
  [cache] Loading internal from /home/minji/bbb-combo1/dataset_cache/internal.pt
Internal : 1677 samples
Loading external dataset...
  [cache] Loading external from /home/minji/bbb-combo1/dataset_cache/external.pt
External : 8109 samples
Loading holdout dataset...
  [cache] Loading holdout from /home/minji/bbb-combo1/dataset_cache/holdout.pt
Holdout  : 1089 samples

Retraining iter90 + BASE_CONFIG + pos_weight=AUTO -> /home/minji/bbb-combo1/bbb_artifacts/iter90_base_auto
  seed=  42  int=0.8703  ext=0.7683  holdout=0.8077  pw=0.3235
  seed= 100  int=0.8198  ext=0.7611  holdout=0.8032  pw=0.3235
  seed= 200  int=0.8457  ext=0.7763  holdout=0.8115  pw=0.3235
  seed= 300  int=0.8766  ext=0.7720  holdout=0.8122  pw=0.3235
  seed= 400  int=0.8327  ext=0.7775  holdout=0.8232  pw=0.3235
  seed= 500  int=0.8738  ext=0.7758  holdout=0.8127  pw=0.3235
  seed= 600  int=0.8447  ext=0.7667  holdout=0.8052  pw=0.3235
  seed= 700  int=0.8793  ext=0.7634  holdout=0.7981  pw=0.3235
  seed= 800  int=0.8850  ext=0.7746  holdout=0.8134  pw=0.3235
  seed= 900  int=0.8856  ext=0.7623  holdout=0.7915  pw=0.3235

  [ensemble] ext=0.7788  holdout=0.8163
  [mean internal] roc_s=0.86135

  Expected: roc_s=0.8611  roc_ext=0.7788  roc_holdout=0.8163
  Got:      roc_s=0.8614  roc_ext=0.7788  roc_holdout=0.8163

Models saved to: /home/minji/bbb-combo1/bbb_artifacts/iter90_base_auto
